[marketifythemes.net/html/tokyo/index-dark.html]
[backblue.gif]
[fade.gif]
[index.html]
[marketifythemes.net/html/tokyo/css/plugins.css]
[marketifythemes.net/html/tokyo/css/dark.css]
[marketifythemes.net/html/tokyo/css/style.css]
[marketifythemes.net/html/tokyo/img/logo/logo.png]
[marketifythemes.net/html/tokyo/img/slider/1.jpg]
[marketifythemes.net/html/tokyo/img/cv/1.jpg]
[marketifythemes.net/html/tokyo/img/svg/rightarrow.svg]
[marketifythemes.net/html/tokyo/img/testimonials/1.jpg]
[marketifythemes.net/html/tokyo/img/testimonials/2.jpg]
[marketifythemes.net/html/tokyo/img/testimonials/3.jpg]
[marketifythemes.net/html/tokyo/img/news/1.jpg]
[marketifythemes.net/html/tokyo/img/news/2.jpg]
[marketifythemes.net/html/tokyo/img/news/3.jpg]
[marketifythemes.net/html/tokyo/img/news/4.jpg]
[marketifythemes.net/html/tokyo/img/partners/light/1.png]
[marketifythemes.net/html/tokyo/img/partners/light/2.png]
[marketifythemes.net/html/tokyo/img/partners/light/3.png]
[marketifythemes.net/html/tokyo/img/partners/light/4.png]
[marketifythemes.net/html/tokyo/img/partners/light/5.png]
[marketifythemes.net/html/tokyo/img/partners/light/6.png]
[marketifythemes.net/html/tokyo/img/partners/light/7.png]
[marketifythemes.net/html/tokyo/img/partners/light/8.png]
[marketifythemes.net/html/tokyo/img/thumbs/1-1.jpg]
[marketifythemes.net/html/tokyo/img/portfolio/5.jpg]
[marketifythemes.net/html/tokyo/img/portfolio/6.jpg]
[marketifythemes.net/html/tokyo/img/portfolio/4.jpg]
[marketifythemes.net/html/tokyo/img/portfolio/3.jpg]
[marketifythemes.net/html/tokyo/img/portfolio/7.jpg]
[marketifythemes.net/html/tokyo/img/thumbs/4-2.jpg]
[marketifythemes.net/html/tokyo/img/portfolio/1.jpg]
[marketifythemes.net/html/tokyo/img/portfolio/2.jpg]
[marketifythemes.net/html/tokyo/img/portfolio/8.jpg]
[marketifythemes.net/html/tokyo/img/thumbs/40-25.jpg]
[marketifythemes.net/html/tokyo/js/jquery.js]
[marketifythemes.net/html/tokyo/js/plugins.js]
[marketifythemes.net/html/tokyo/index-dark.html]
[marketifythemes.net/html/tokyo/js/init.js]
[marketifythemes.net/html/tokyo/css/font/fontello3b7f.eot]
[marketifythemes.net/html/tokyo/css/font/fontello3b7f.woff2]
[marketifythemes.net/html/tokyo/css/font/fontello3b7f.woff]
[marketifythemes.net/html/tokyo/css/font/fontello3b7f.ttf]
[marketifythemes.net/html/tokyo/css/font/fontello3b7f.svg]
[marketifythemes.net/html/tokyo/css/owl.video.play.png]
[marketifythemes.net/html/tokyo/css/plugins.css]
[marketifythemes.net/html/tokyo/css/dark.css]
[marketifythemes.net/html/tokyo/css/style.css]
[marketifythemes.net/html/tokyo/img/svg/rightarrow.svg]
[marketifythemes.net/html/tokyo/js/jquery.js]
[marketifythemes.net/html/tokyo/js/plugins.js]
[marketifythemes.net/html/tokyo/img.svg]
[marketifythemes.net/html/tokyo/modal/contact.html]
[marketifythemes.net/html/tokyo/js/init.js]
[marketifythemes.net/html/tokyo/css/font/fontello3b7f.svg]
[marketifythemes.net/html/tokyo/css/owl.video.play.html]
[marketifythemes.net/html/tokyo/img.html]
[marketifythemes.net/html/tokyo/modal/contact.html]
